// Jest Snapshot v1, https://goo.gl/fbAQLP

exports[`Snapshot tests colorpicker snapshot 1`] = `
<div>
  <button
    className="red"
    onClick={[Function]}
  >
    red
  </button>
  <button
    className="blue"
    onClick={[Function]}
  >
    blue
  </button>
  <button
    className="green"
    onClick={[Function]}
  >
    green
  </button>
</div>
`;
